Shapefile Type: Point   # of Shapes: 5

File Bounds: (-84.15596,34.54927,0,0)
         to  (-83.521622,34.992767,0,0)

Shape:0 (Point)  nVertices=1, nParts=0
  Bounds:(-83.5495,34.992401, 0)
      to (-83.5495,34.992401, 0)
     (-83.5495,34.992401, 0)  

Shape:1 (Point)  nVertices=1, nParts=0
  Bounds:(-83.521622,34.992767, 0)
      to (-83.521622,34.992767, 0)
     (-83.521622,34.992767, 0)  

Shape:2 (Point)  nVertices=1, nParts=0
  Bounds:(-84.016815,34.67276, 0)
      to (-84.016815,34.67276, 0)
     (-84.016815,34.67276, 0)  

Shape:3 (Point)  nVertices=1, nParts=0
  Bounds:(-84.15596,34.648624, 0)
      to (-84.15596,34.648624, 0)
     (-84.15596,34.648624, 0)  

Shape:4 (Point)  nVertices=1, nParts=0
  Bounds:(-83.619515,34.54927, 0)
      to (-83.619515,34.54927, 0)
     (-83.619515,34.54927, 0)  
